15:54:25.007 info: Microsoft.Hosting.Lifetime[14] Now listening on: http://localhost:5219
15:54:25.024 info: Microsoft.Hosting.Lifetime[0] Application started. Press Ctrl+C to shut down.
15:54:25.025 info: Microsoft.Hosting.Lifetime[0] Hosting environment: Production
15:54:25.025 info: Microsoft.Hosting.Lifetime[0] Content root path: C:\Users\abhinav\thinkschool\Thinkbridge-Thinkschool-Preeti-Devi\day-19\src\Day19.Events
15:54:25.049 info: Day19.Events.SubscriptionWorker[0] Worker sub-a#2 listening on subscription sub-a (MaxConcurrentCalls=2).
15:54:25.049 info: Day19.Events.SubscriptionWorker[0] Worker sub-b#2 listening on subscription sub-b (MaxConcurrentCalls=2).
15:54:25.049 info: Day19.Events.SubscriptionWorker[0] Worker sub-a#1 listening on subscription sub-a (MaxConcurrentCalls=2).
15:54:25.076 info: Day19.Events.SubscriptionWorker[0] Worker sub-b#1 listening on subscription sub-b (MaxConcurrentCalls=2).
15:54:36.963 info: Day19.Events.EventPublisher[0] Published MessageId=0612a40d-42b7-4d96-bc29-7ef1cce24c09 CorrelationId=day19-101-0612a40d42b74d96bc297ef1cce24c to topic quote-events.
15:54:37.088 info: Day19.Events.EventDispatcher[0] [sub-a] worker sub-a#1 handled MessageId=0612a40d-42b7-4d96-bc29-7ef1cce24c09 CorrelationId=day19-101-0612a40d42b74d96bc297ef1cce24c quoteId=101 type=QuotePublished delivery=1.
15:54:37.088 info: Day19.Events.EventDispatcher[0] [sub-b] worker sub-b#2 handled MessageId=0612a40d-42b7-4d96-bc29-7ef1cce24c09 CorrelationId=day19-101-0612a40d42b74d96bc297ef1cce24c quoteId=101 type=QuotePublished delivery=1.
15:54:37.925 info: Day19.Events.EventPublisher[0] Published MessageId=0612a40d-42b7-4d96-bc29-7ef1cce24c09 CorrelationId=day19-101-0612a40d42b74d96bc297ef1cce24c to topic quote-events.
15:54:37.987 info: Day19.Events.EventDispatcher[0] [sub-a] worker sub-a#2 duplicate ignored: MessageId=0612a40d-42b7-4d96-bc29-7ef1cce24c09 CorrelationId=day19-101-0612a40d42b74d96bc297ef1cce24c delivery=1. Completing without reprocessing.
15:54:37.987 info: Day19.Events.EventDispatcher[0] [sub-b] worker sub-b#1 duplicate ignored: MessageId=0612a40d-42b7-4d96-bc29-7ef1cce24c09 CorrelationId=day19-101-0612a40d42b74d96bc297ef1cce24c delivery=1. Completing without reprocessing.
15:54:46.106 info: Day19.Events.EventPublisher[0] Published MessageId=fc1e1e84-1b14-445c-83a0-9d873133d98e CorrelationId=day19-201-fc1e1e841b14445c83a09d873133d9 to topic quote-events.
15:54:46.170 info: Day19.Events.EventDispatcher[0] [sub-b] worker sub-b#2 handled MessageId=fc1e1e84-1b14-445c-83a0-9d873133d98e CorrelationId=day19-201-fc1e1e841b14445c83a09d873133d9 quoteId=201 type=QuotePublished delivery=1.
15:54:46.200 info: Day19.Events.EventDispatcher[0] [sub-a] worker sub-a#1 handled MessageId=fc1e1e84-1b14-445c-83a0-9d873133d98e CorrelationId=day19-201-fc1e1e841b14445c83a09d873133d9 quoteId=201 type=QuotePublished delivery=1.
15:54:46.237 info: Day19.Events.EventPublisher[0] Published MessageId=5e9ef318-a530-49eb-a746-4bf0568a0a35 CorrelationId=day19-202-5e9ef318a53049eba7464bf0568a0a to topic quote-events.
15:54:46.278 info: Day19.Events.EventDispatcher[0] [sub-b] worker sub-b#1 handled MessageId=5e9ef318-a530-49eb-a746-4bf0568a0a35 CorrelationId=day19-202-5e9ef318a53049eba7464bf0568a0a quoteId=202 type=QuotePublished delivery=1.
15:54:46.278 info: Day19.Events.EventDispatcher[0] [sub-a] worker sub-a#2 handled MessageId=5e9ef318-a530-49eb-a746-4bf0568a0a35 CorrelationId=day19-202-5e9ef318a53049eba7464bf0568a0a quoteId=202 type=QuotePublished delivery=1.
15:54:46.423 info: Day19.Events.EventPublisher[0] Published MessageId=21ad78bd-665c-4f52-ab14-a8c7efe4e4b6 CorrelationId=day19-203-21ad78bd665c4f52ab14a8c7efe4e4 to topic quote-events.
15:54:46.479 info: Day19.Events.EventDispatcher[0] [sub-a] worker sub-a#1 handled MessageId=21ad78bd-665c-4f52-ab14-a8c7efe4e4b6 CorrelationId=day19-203-21ad78bd665c4f52ab14a8c7efe4e4 quoteId=203 type=QuotePublished delivery=1.
15:54:46.479 info: Day19.Events.EventDispatcher[0] [sub-b] worker sub-b#2 handled MessageId=21ad78bd-665c-4f52-ab14-a8c7efe4e4b6 CorrelationId=day19-203-21ad78bd665c4f52ab14a8c7efe4e4 quoteId=203 type=QuotePublished delivery=1.
15:54:46.653 info: Day19.Events.EventPublisher[0] Published MessageId=6e7af961-a2f4-4483-8798-c3135bb332c6 CorrelationId=day19-204-6e7af961a2f444838798c3135bb332 to topic quote-events.
15:54:46.696 info: Day19.Events.EventDispatcher[0] [sub-a] worker sub-a#2 handled MessageId=6e7af961-a2f4-4483-8798-c3135bb332c6 CorrelationId=day19-204-6e7af961a2f444838798c3135bb332 quoteId=204 type=QuotePublished delivery=1.
15:54:46.696 info: Day19.Events.EventDispatcher[0] [sub-b] worker sub-b#1 handled MessageId=6e7af961-a2f4-4483-8798-c3135bb332c6 CorrelationId=day19-204-6e7af961a2f444838798c3135bb332 quoteId=204 type=QuotePublished delivery=1.
15:54:46.796 info: Day19.Events.EventPublisher[0] Published MessageId=e7a687c2-3de5-47b4-9112-f6cdfbcff7f0 CorrelationId=day19-205-e7a687c23de547b49112f6cdfbcff7 to topic quote-events.
15:54:46.820 info: Day19.Events.EventDispatcher[0] [sub-b] worker sub-b#2 handled MessageId=e7a687c2-3de5-47b4-9112-f6cdfbcff7f0 CorrelationId=day19-205-e7a687c23de547b49112f6cdfbcff7 quoteId=205 type=QuotePublished delivery=1.
15:54:46.821 info: Day19.Events.EventDispatcher[0] [sub-a] worker sub-a#1 handled MessageId=e7a687c2-3de5-47b4-9112-f6cdfbcff7f0 CorrelationId=day19-205-e7a687c23de547b49112f6cdfbcff7 quoteId=205 type=QuotePublished delivery=1.
15:54:46.969 info: Day19.Events.EventPublisher[0] Published MessageId=cefc11c2-432f-4599-86de-b1c81ab59267 CorrelationId=day19-206-cefc11c2432f459986deb1c81ab592 to topic quote-events.
15:54:47.007 info: Day19.Events.EventDispatcher[0] [sub-b] worker sub-b#1 handled MessageId=cefc11c2-432f-4599-86de-b1c81ab59267 CorrelationId=day19-206-cefc11c2432f459986deb1c81ab592 quoteId=206 type=QuotePublished delivery=1.
15:54:47.007 info: Day19.Events.EventDispatcher[0] [sub-a] worker sub-a#2 handled MessageId=cefc11c2-432f-4599-86de-b1c81ab59267 CorrelationId=day19-206-cefc11c2432f459986deb1c81ab592 quoteId=206 type=QuotePublished delivery=1.
15:54:47.217 info: Day19.Events.EventPublisher[0] Published MessageId=a14bbf92-4ed5-4ecf-9688-0ac21a6f152d CorrelationId=day19-207-a14bbf924ed54ecf96880ac21a6f15 to topic quote-events.
15:54:47.272 info: Day19.Events.EventDispatcher[0] [sub-b] worker sub-b#2 handled MessageId=a14bbf92-4ed5-4ecf-9688-0ac21a6f152d CorrelationId=day19-207-a14bbf924ed54ecf96880ac21a6f15 quoteId=207 type=QuotePublished delivery=1.
15:54:47.272 info: Day19.Events.EventDispatcher[0] [sub-a] worker sub-a#1 handled MessageId=a14bbf92-4ed5-4ecf-9688-0ac21a6f152d CorrelationId=day19-207-a14bbf924ed54ecf96880ac21a6f15 quoteId=207 type=QuotePublished delivery=1.
15:54:47.467 info: Day19.Events.EventPublisher[0] Published MessageId=fbb457ba-bef9-4fc8-8357-a74b892f96a7 CorrelationId=day19-208-fbb457babef94fc88357a74b892f96 to topic quote-events.
15:54:47.502 info: Day19.Events.EventDispatcher[0] [sub-a] worker sub-a#2 handled MessageId=fbb457ba-bef9-4fc8-8357-a74b892f96a7 CorrelationId=day19-208-fbb457babef94fc88357a74b892f96 quoteId=208 type=QuotePublished delivery=1.
15:54:47.505 info: Day19.Events.EventDispatcher[0] [sub-b] worker sub-b#1 handled MessageId=fbb457ba-bef9-4fc8-8357-a74b892f96a7 CorrelationId=day19-208-fbb457babef94fc88357a74b892f96 quoteId=208 type=QuotePublished delivery=1.
15:54:47.588 info: Day19.Events.EventPublisher[0] Published MessageId=460ec50e-d073-4d8d-bc7f-a4b5b6851be7 CorrelationId=day19-209-460ec50ed0734d8dbc7fa4b5b6851b to topic quote-events.
15:54:47.625 info: Day19.Events.EventDispatcher[0] [sub-a] worker sub-a#1 handled MessageId=460ec50e-d073-4d8d-bc7f-a4b5b6851be7 CorrelationId=day19-209-460ec50ed0734d8dbc7fa4b5b6851b quoteId=209 type=QuotePublished delivery=1.
15:54:47.625 info: Day19.Events.EventDispatcher[0] [sub-b] worker sub-b#2 handled MessageId=460ec50e-d073-4d8d-bc7f-a4b5b6851be7 CorrelationId=day19-209-460ec50ed0734d8dbc7fa4b5b6851b quoteId=209 type=QuotePublished delivery=1.
15:54:47.817 info: Day19.Events.EventPublisher[0] Published MessageId=a5a8ce39-23e4-4cc7-9317-ce3d70818750 CorrelationId=day19-210-a5a8ce3923e44cc79317ce3d708187 to topic quote-events.
15:54:47.918 info: Day19.Events.EventDispatcher[0] [sub-a] worker sub-a#2 handled MessageId=a5a8ce39-23e4-4cc7-9317-ce3d70818750 CorrelationId=day19-210-a5a8ce3923e44cc79317ce3d708187 quoteId=210 type=QuotePublished delivery=1.
15:54:47.918 info: Day19.Events.EventDispatcher[0] [sub-b] worker sub-b#1 handled MessageId=a5a8ce39-23e4-4cc7-9317-ce3d70818750 CorrelationId=day19-210-a5a8ce3923e44cc79317ce3d708187 quoteId=210 type=QuotePublished delivery=1.
15:54:48.032 info: Day19.Events.EventPublisher[0] Published MessageId=c1ce334d-5e8d-47e0-8c60-73c1aa558f8d CorrelationId=day19-211-c1ce334d5e8d47e08c6073c1aa558f to topic quote-events.
15:54:48.078 info: Day19.Events.EventDispatcher[0] [sub-b] worker sub-b#2 handled MessageId=c1ce334d-5e8d-47e0-8c60-73c1aa558f8d CorrelationId=day19-211-c1ce334d5e8d47e08c6073c1aa558f quoteId=211 type=QuotePublished delivery=1.
15:54:48.078 info: Day19.Events.EventDispatcher[0] [sub-a] worker sub-a#1 handled MessageId=c1ce334d-5e8d-47e0-8c60-73c1aa558f8d CorrelationId=day19-211-c1ce334d5e8d47e08c6073c1aa558f quoteId=211 type=QuotePublished delivery=1.
15:54:48.283 info: Day19.Events.EventPublisher[0] Published MessageId=1e93f24c-d95d-4a39-b138-0e5c5d18c923 CorrelationId=day19-212-1e93f24cd95d4a39b1380e5c5d18c9 to topic quote-events.
15:54:48.310 info: Day19.Events.EventDispatcher[0] [sub-b] worker sub-b#1 handled MessageId=1e93f24c-d95d-4a39-b138-0e5c5d18c923 CorrelationId=day19-212-1e93f24cd95d4a39b1380e5c5d18c9 quoteId=212 type=QuotePublished delivery=1.
15:54:48.310 info: Day19.Events.EventDispatcher[0] [sub-a] worker sub-a#2 handled MessageId=1e93f24c-d95d-4a39-b138-0e5c5d18c923 CorrelationId=day19-212-1e93f24cd95d4a39b1380e5c5d18c9 quoteId=212 type=QuotePublished delivery=1.
15:54:49.272 info: Day19.Events.EventPublisher[0] Published MessageId=e72cdbb4-ea28-410a-8499-bce3ef3fceec CorrelationId=day19-909-e72cdbb4ea28410a8499bce3ef3fce to topic quote-events.
15:54:49.285 fail: Day19.Events.EventDispatcher[0] [sub-a] worker sub-a#1 dead-lettering MessageId=e72cdbb4-ea28-410a-8499-bce3ef3fceec. Reason=UnsupportedEventType Description=Event type 'UnsupportedEvent' is not handled by this consumer build. Supported types: QuotePublished, QuoteRetired.
15:54:49.296 fail: Day19.Events.EventDispatcher[0] [sub-b] worker sub-b#2 dead-lettering MessageId=e72cdbb4-ea28-410a-8499-bce3ef3fceec. Reason=UnsupportedEventType Description=Event type 'UnsupportedEvent' is not handled by this consumer build. Supported types: QuotePublished, QuoteRetired.
15:54:49.532 info: Day19.Events.EventPublisher[0] Published MessageId=3daf479a-4c7c-425c-a316-1a63e76eea35 CorrelationId=day19-910-3daf479a4c7c425ca3161a63e76eea to topic quote-events.
15:54:49.549 warn: Day19.Events.EventDispatcher[0] [sub-a] worker sub-a#2 abandoning MessageId=3daf479a-4c7c-425c-a316-1a63e76eea35 after delivery 1: Downstream dependency unavailable for quote 910 (scripted transient failure).. Service Bus will redeliver it.
15:54:49.555 warn: Day19.Events.EventDispatcher[0] [sub-b] worker sub-b#1 abandoning MessageId=3daf479a-4c7c-425c-a316-1a63e76eea35 after delivery 1: Downstream dependency unavailable for quote 910 (scripted transient failure).. Service Bus will redeliver it.
15:54:49.758 warn: Day19.Events.EventDispatcher[0] [sub-a] worker sub-a#1 abandoning MessageId=3daf479a-4c7c-425c-a316-1a63e76eea35 after delivery 2: Downstream dependency unavailable for quote 910 (scripted transient failure).. Service Bus will redeliver it.
15:54:49.758 warn: Day19.Events.EventDispatcher[0] [sub-b] worker sub-b#2 abandoning MessageId=3daf479a-4c7c-425c-a316-1a63e76eea35 after delivery 2: Downstream dependency unavailable for quote 910 (scripted transient failure).. Service Bus will redeliver it.
15:54:49.954 warn: Day19.Events.EventDispatcher[0] [sub-a] worker sub-a#2 abandoning MessageId=3daf479a-4c7c-425c-a316-1a63e76eea35 after delivery 3: Downstream dependency unavailable for quote 910 (scripted transient failure).. Service Bus will redeliver it.
15:54:49.957 warn: Day19.Events.EventDispatcher[0] [sub-b] worker sub-b#1 abandoning MessageId=3daf479a-4c7c-425c-a316-1a63e76eea35 after delivery 3: Downstream dependency unavailable for quote 910 (scripted transient failure).. Service Bus will redeliver it.
